// Jest Snapshot v1, https://goo.gl/fbAQLP

exports[`Travel tests Travel component rendered correctly 1`] = `
<div>
  <div
    class="container"
  >
    <div
      class="row"
    >
      <div
        class="col-12 d-flex justify-content-center mt-5"
      >
        <div
          class="card text-center p-3"
          style="width: 400px; height: 400px;"
        >
          <img
            alt="air plane"
            src="airplane.svg"
          />
          <h4>
            Travel Anywhere
          </h4>
          <p
            class="p-1"
          >
            Our premium package allows you to take exotic trips anywhere at the cheapest prices!!
          </p>
        </div>
      </div>
    </div>
  </div>
</div>
`;
